main.c:43:5:main	16	static
main.c:70:6:data_transfer	16	static
main.c:84:6:led_pattern	24	static
main.c:150:6:green_press	16	static
main.c:168:6:yellow_press	16	static
main.c:186:6:checkConditions	8	static
main.c:196:5:uart2_write	16	static
main.c:205:5:__io_putchar	16	static
main.c:212:6:SystemClock_Config	88	static
main.c:252:13:MX_SPI1_Init	8	static
main.c:274:6:SPI1_IRQHandler	8	static
main.c:279:13:MX_USART2_UART_Init	8	static
main.c:295:13:MX_GPIO_Init	48	static
main.c:342:6:HAL_TIM_PeriodElapsedCallback	16	static
main.c:349:6:Error_Handler	4	static,ignoring_inline_asm
