main.c:37:5:main	16	static
main.c:96:6:data_transfer	24	static
main.c:117:6:green_press	16	static
main.c:129:6:yellow_press	16	static
main.c:151:5:uart2_write	16	static
main.c:160:5:__io_putchar	16	static
main.c:167:6:SystemClock_Config	88	static
main.c:207:13:MX_SPI1_Init	8	static
main.c:229:6:SPI1_IRQHandler	8	static
main.c:234:13:MX_USART2_UART_Init	8	static
main.c:250:13:MX_GPIO_Init	48	static
main.c:297:6:HAL_TIM_PeriodElapsedCallback	16	static
main.c:304:6:Error_Handler	4	static,ignoring_inline_asm
